ad.ourgame.com 存在于黑白名单
WhiteLine#6 BlackLine#17062

api-access.pangolin-sdk-toutiao1.com 存在于黑白名单
WhiteLine#21 BlackLine#28392 父域: pangolin-sdk-toutiao1.com@BlackLine#184368

api.sec.miui.com 存在于黑白名单
WhiteLine#25 BlackLine#29636

app-advertise.zhihuishu.com 存在于黑白名单
WhiteLine#27 BlackLine#30169

auni.telecome.cn 存在于黑白名单
WhiteLine#28 BlackLine#34371 父域: telecome.cn@BlackLine#257966

auni.unioncom.cc 存在于黑白名单
WhiteLine#29 BlackLine#34372 父域: unioncom.cc@BlackLine#275119

chaturbate.com 存在于黑白名单
WhiteLine#47 BlackLine#51895

collector.github.com 存在于黑白名单
WhiteLine#49 BlackLine#56473

content.ingbank.pl 存在于黑白名单
WhiteLine#51 BlackLine#58017

d.toutiao.com 存在于黑白名单
WhiteLine#54 BlackLine#63342

h5.tv.mi.com 存在于黑白名单
WhiteLine#70 BlackLine#113013

heukmsactivator.com 存在于黑白名单
WhiteLine#71 BlackLine#115375

hot.browser.miui.com 存在于黑白名单
WhiteLine#72 BlackLine#117737 父域: browser.miui.com@BlackLine#44500

img.shouji.sogou.com 存在于黑白名单
WhiteLine#75 BlackLine#123122

log2.cmpassport.com 存在于黑白名单
WhiteLine#78 BlackLine#150298 父域: cmpassport.com@BlackLine#55308

mis.g.mi.com 存在于黑白名单
WhiteLine#84 BlackLine#164421

mtalk.google.com 存在于黑白名单
WhiteLine#86 BlackLine#167969

pgpartner.com 存在于黑白名单
WhiteLine#91 BlackLine#187359

resolver.msg.xiaomi.net 存在于黑白名单
WhiteLine#100 BlackLine#203786

s1.wp.com 存在于黑白名单
WhiteLine#102 BlackLine#210195

sdkreport.e.qq.com 存在于黑白名单
WhiteLine#103 BlackLine#213661 父域: e.qq.com@BlackLine#80584

security.browser.miui.com 存在于黑白名单
WhiteLine#104 BlackLine#214701 父域: browser.miui.com@BlackLine#44500

security.snssdk.com 存在于黑白名单
WhiteLine#105 BlackLine#214703 父域: snssdk.com@BlackLine#230310

sentry.d.xiaomi.net 存在于黑白名单
WhiteLine#106 BlackLine#215331

sgqcvfjvr.onet.pl 存在于黑白名单
WhiteLine#107 BlackLine#219998

sobot.com 存在于黑白名单
WhiteLine#108 BlackLine#230451

wan.douyu.com 存在于黑白名单
WhiteLine#118 BlackLine#285191